[34;1m0[0m: [31;1merror: [0mattribute '[35;1mc[0m' missing
[34;1m1[0m: while evaluating the attribute '[35;1mc[0m'
[34;1m2[0m: while calling [35;1m'wat'[0m
[34;1m3[0m: while calling [35;1m'foo'[0m
[34;1m4[0m: while evaluating the file '[35;1m/home/bburdette/op-code/nix/tests/debugger-attr-missing.nix[0m':
