Nix <nix version>
Type :? for help.
Added <number omitted> variables.

Function curriedArgs
    … defined at
    /path/to/tests/functional/repl/doc-comments.nix:48:5

    A documented function.


"Note that users may not expect this to behave as it currently does"

Function curriedArgs
    … defined at
    /path/to/tests/functional/repl/doc-comments.nix:50:5

    The function returned by applying once

"This won't produce documentation, because we can't actually document arbitrary values"

error: value does not have documentation


