Nix <nix version>
Type :? for help.

nix-repl> :l doc-comments.nix
Added 13 variables.
compact, constant, curriedArgs, documentedFormals, floatedIn, lib, measurement, multiply, nonStrict, strict, strictPost, strictPre, unambiguous

nix-repl> "Note that this is not yet complete"
"Note that this is not yet complete"

nix-repl> :doc documentedFormals
Function `documentedFormals`\
  … defined at /path/to/tests/functional/repl/doc-comments.nix:104:5


Finds x
